$ bun run --cwd packages/frontend build
$ expo export --platform web --output-dir dist && node ./scripts/web-font-preload.mjs dist
React Compiler enabled
Expo Autolinking module resolution enabled
Starting Metro Bundler

 WARN  Attempted to import the module "/home/nate/Oxy/Mention/.worktrees/1519-final-sdk-pins-20261003/node_modules/@noble/hashes/crypto.js" which is not listed in the "exports" of "/home/nate/Oxy/Mention/.worktrees/1519-final-sdk-pins-20261003/node_modules/@noble/hashes" under the requested subpath "./crypto.js". Falling back to file-based resolution. Consider updating the call site or asking the package maintainer(s) to expose this API.
Web Bundled 27057ms node_modules/expo-router/entry.js (4422 modules)

› Assets (37):
../../node_modules/@expo/vector-icons/build/vendor/react-native-vector-icons/Fonts/Ionicons.b4eb097d35f44ed943676fd56f6bdc51.ttf (390KB)
../../node_modules/@expo/vector-icons/build/vendor/react-native-vector-icons/Fonts/MaterialCommunityIcons.6e435534bd35da5fef04168860a9b8fa.ttf (1.3MB)
../../node_modules/@lottiefiles/dotlottie-web/dist/dotlottie-player.a1169eabafd51555892e40965391b6e7.wasm (1.2MB)
../../node_modules/@oxy.so/bloom/lib/module/fonts/assets/BlomusModernus-Bold.c8e4c906b137ccc90f9aa1fbccbe85b2.woff2 (78KB)
../../node_modules/@oxy.so/bloom/lib/module/fonts/assets/BlomusModernus-Regular.6a898c26aeb50e6f31189d06dd2bf3e9.woff2 (78KB)
../../node_modules/@oxy.so/bloom/lib/module/fonts/assets/InterVariable.260c81a4759baf163c025001c4f27872.woff2 (48KB)
../../node_modules/@oxy.so/bloom/lib/module/fonts/assets/JetBrainsMono-Variable.b058178d7f309414f8f856b99fd80d9b.woff2 (40KB)
../../node_modules/@oxy.so/services/lib/module/assets/fonts/icons/OxyServicesIonicons.48b1d8ee549a265d0c1aa67fed7fbca2.ttf (43KB)
../../node_modules/@oxy.so/services/lib/module/assets/fonts/icons/OxyServicesMaterialCommunityIcons.88d575089a17d9d10e08c411fd7105ba.ttf (29KB)
../../node_modules/@oxy.so/services/lib/module/assets/signIn/slide-1.b29a38b76e9e9e426cc152c3a1a56a73.jpg (102KB)
../../node_modules/@oxy.so/services/lib/module/assets/signIn/slide-2.045f767e731a6b2801ce1ea8dbda92f5.jpg (88KB)
../../node_modules/@oxy.so/services/lib/module/assets/signIn/slide-3.32a001447e68adf690be104bddcce0ef.jpg (59KB)
../../node_modules/@oxy.so/services/lib/module/assets/signIn/slide-4.1de81f0781c3c99c5615d0ec8eb5dee6.jpg (47KB)
../../node_modules/expo-router/assets/arrow_down.017bc6ba3fc25503e5eb5e53826d48a8.png (9.5KB)
../../node_modules/expo-router/assets/error.d1ea1496f9057eb392d5bbf3732a61b7.png (469B)
../../node_modules/expo-router/assets/file.19eeb73b9593a38f8e9f418337fc7d10.png (138B)
../../node_modules/expo-router/assets/forward.d8b800c443b8972542883e0b9de2bdc6.png (188B)
../../node_modules/expo-router/assets/pkg.ab19f4cbc543357183a20571f68380a3.png (364B)
../../node_modules/expo-router/assets/react-navigation/elements/back-icon-mask.0a328cd9c1afd0afe8e3b1ec5165b1b4.png (653B)
../../node_modules/expo-router/assets/react-navigation/elements/back-icon.35ba0eaec5a4f5ed12ca16fabeae451d.png (207B)
../../node_modules/expo-router/assets/react-navigation/elements/clear-icon.c94f6478e7ae0cdd9f15de1fcb9e5e55.png (4 variations | 425B)
../../node_modules/expo-router/assets/react-navigation/elements/close-icon.808e1b1b9b53114ec2838071a7e6daa7.png (4 variations | 235B)
../../node_modules/expo-router/assets/react-navigation/elements/search-icon.286d67d3f74808a60a78d3ebf1a5fb57.png (928B)
../../node_modules/expo-router/assets/sitemap.412dd9275b6b48ad28f5e3d81bb1f626.png (465B)
../../node_modules/expo-router/assets/unmatched.20e71bdf79e3a97bf55fd9e164041578.png (4.8KB)
assets/illustrations/fediverse/fediverse-control.ea4bd268a55e0a8b5a0c708659bafb4a.webp (35KB)
assets/illustrations/fediverse/fediverse-network.cfd7f72636078096faa0b7a67b898566.webp (54KB)
assets/illustrations/fediverse/fediverse-visibility.084fa2543345c3bd2481308b82005e54.webp (45KB)
assets/images/default-avatar.c8b331ae33c2a6289739fbc76d3cf791.jpg (8.6KB)
assets/images/welcome-modal-bg-dark.6a3b2a006bae63e7169ab1b47f706291.jpg (51KB)
assets/images/welcome-modal-bg.0a4542b48671df035c9a2659f909a2fd.jpg (116KB)

› web bundles (233):
_expo/static/css/global-ebbcee569763acac1319a95e48158c1d.css (99KB)
_expo/static/js/web/__common-4573c23749a15149bcfa78b7be952357.js (6.1MB)
_expo/static/js/web/__expo-metro-runtime-fc637fb692f807b1a79b8287c8b1e313.js (3.7KB)
_expo/static/js/web/_layout-34cc8e9b8d1b1dd6b4cc8dcbc3b0852b.js (403B)
_expo/static/js/web/_layout-4bb3aaf4adbe0afb48df9f5e830e648b.js (6.1KB)
_expo/static/js/web/_layout-6ef9c483526ae526570b74025aa2921d.js (71KB)
_expo/static/js/web/_layout-886b00a26d331ce10274b9e5d1b93e18.js (555B)
_expo/static/js/web/_layout-903a03498d87bcf4a0bc57b504506a14.js (361B)
_expo/static/js/web/_layout-9b4465a338c66285de86ae97790b3fae.js (243KB)
_expo/static/js/web/_layout-b897f3a2a0553199cf84c574e8619d8b.js (2.4KB)
_expo/static/js/web/_layout-e9fb0b09fa496eeedffefae391538f60.js (13KB)
_expo/static/js/web/[id]-179b58f54b326bd9a438f9ee2dea2c28.js (9.7KB)
_expo/static/js/web/[id]-2e79f54b6ab122de5b3f66b767bc5220.js (27KB)
_expo/static/js/web/[id]-4d7bf25f9b806cd27737edac0d494317.js (674B)
_expo/static/js/web/[id]-710559a98edcdce7178375d6c79ca30d.js (11KB)
_expo/static/js/web/[id]-bc24ed9893418e23339695a1a1078134.js (4.4KB)
_expo/static/js/web/[id]-bd0b2dbe690a4646e1bf80040c094fd3.js (13KB)
_expo/static/js/web/[id]-c09d27b592b333e14bf39b01129510ff.js (12KB)
_expo/static/js/web/[id]-fc0d047ffaed6b23128c8bff6a97fa6b.js (10KB)
_expo/static/js/web/[laneId]-fa5801659ef39e19f962377cdb59c1f2.js (578B)
_expo/static/js/web/[name]-4a72d9b14b5a101971fe284cab9510d6.js (2.8KB)
_expo/static/js/web/[query]-3979d47aa098d75617edd068e1edd588.js (455B)
_expo/static/js/web/[tag]-fc3b3fda46f113abfe1432dc2e515698.js (2.8KB)
_expo/static/js/web/[username]-c443c1de5c4c97a5eea71982484b0fab.js (12KB)
_expo/static/js/web/+not-found-ee6f944b294fb966881f77c61ed03a4c.js (257B)
_expo/static/js/web/about-560e5667d8d8103e6926b6c75a909243.js (403B)
_expo/static/js/web/about-a39d0b159f907cd6e4b79f1b53ddd95d.js (226B)
_expo/static/js/web/about-b936e0921193ee5063b27ace2cd60f0b.js (402B)
_expo/static/js/web/AboutNoteSheet-1cb7fd815d6439f0ebed28c3c25877cd.js (2.4KB)
_expo/static/js/web/accessibility-b3ad89eea7cfc4af06b43715078a6dc4.js (234B)
_expo/static/js/web/AccountMembersScreen-20cddffc80aaf751f450044a39086aca.js (10KB)
_expo/static/js/web/AccountSettingsScreen-f54e87fb578f57bcbf3375209484c281.js (6KB)
_expo/static/js/web/AccountVerificationScreen-69505bbd828fbaa73d0f4a15d1f2c697.js (7.3KB)
_expo/static/js/web/AltTextSheet-f5a2fd2200d18ea5ff656cc1198caac2.js (4.4KB)
_expo/static/js/web/appearance-f070ed0910c487025d687f4a78314208.js (231B)
_expo/static/js/web/AppInfoScreen-7982bd65b56082344cb458619c4b8e9b.js (12KB)
_expo/static/js/web/applications-bdcfa419a55174388cf3f9c0ab14f0bb.js (15KB)
_expo/static/js/web/apply-d33ffc3b583af7802541ec01ff99f72e.js (9.6KB)
_expo/static/js/web/ar-7735856086bbc56f805921d83b6ae398.js (362KB)
_expo/static/js/web/ar-ddbde39f4492a8c0b2fece00de19ecf0.js (210KB)
_expo/static/js/web/ar-SA-30fdaf974ef0ab46dfcf57f7301f20bb.js (35KB)
_expo/static/js/web/AvatarCropScreen-8e0af56be2c0ce5ce2e9751d2c49bc2b.js (21KB)
_expo/static/js/web/blocked-b872419bb29eeb378eecb6afbb1d1ab1.js (236B)
_expo/static/js/web/bn-41b8ae0c72a9302f5987a5dbe37aa971.js (209KB)
_expo/static/js/web/bn-e29d9fe3fa4de00e63cd59c831ee3468.js (398KB)
_expo/static/js/web/boost-493a32a8bf0f9700104ebe27fdfb3606.js (5.1KB)
_expo/static/js/web/boosts-9c83871eb851f3ea6fd0146e050f2087.js (469B)
_expo/static/js/web/ca-4e1516fb8699e54f1e4428d920db9476.js (158KB)
_expo/static/js/web/ca-e2ff694d961701f6910b7e410d9a83eb.js (79KB)
_expo/static/js/web/ca-ES-ffe712deebb2774eb27e95b006809423.js (13KB)
_expo/static/js/web/camera-66515a56e2ac3211de147724862af2ac.js (384B)
_expo/static/js/web/camera-bd7e09dc97c971437b5a900a1fb58e48.js (5.8KB)
_expo/static/js/web/ChangeAvatarScreen-201edd173af4b02a193a2bb3b3010af9.js (4.3KB)
_expo/static/js/web/channels-06318fdaed99373b1094c618e619b343.js (7.2KB)
_expo/static/js/web/chat-8ed21a4f0e639e82a98669fd0ec3f739.js (4.2KB)
_expo/static/js/web/CollaboratorsList-2598accf270102ef860b55af722124c9.js (1.7KB)
_expo/static/js/web/community-notes-536eae95a7198a430527d60351a99706.js (6.1KB)
_expo/static/js/web/compose-ae2e54161e0b032e736891fc3f86bb16.js (448B)
_expo/static/js/web/ComposeLanguageSheet-9ef0bf4f7ab38cf8bc13001e9d658066.js (3.7KB)
_expo/static/js/web/ComposeScreen-406f837adbd1d76481274bd89485a67b.js (297KB)
_expo/static/js/web/connected-ai-79dafd984826536e6aa517bc1cd7f2aa.js (233B)
_expo/static/js/web/ConnectedAppsScreen-d758d76dbae73fba00901181a796f6a8.js (3.1KB)
_expo/static/js/web/corrections-0b3605c37184d945d049463879a7fd9d.js (5.4KB)
_expo/static/js/web/create-1617b86ce0b50b138412606f15163985.js (4.4KB)
_expo/static/js/web/create-65a9c870354395ccd5f0ce6ce3f53ebc.js (4.1KB)
_expo/static/js/web/create-72f2198e13f74eca16c5ca50d08bc835.js (374B)
_expo/static/js/web/create-edf1ccfcf4863872f110a575428a8d5b.js (10KB)
_expo/static/js/web/CreateAccountScreen-c8bef562eab6ff6cc88317f856401e59.js (7.5KB)
_expo/static/js/web/de-09fa3ecd1e074820c04e7e244e6f3616.js (155KB)
_expo/static/js/web/de-aaf03166a153ceb9b21fe59ad2753609.js (79KB)
_expo/static/js/web/de-DE-b627a25fc04219fb1fd7496481a3fb98.js (14KB)
_expo/static/js/web/DeleteAccountScreen-69bafda00e21bc83312aef81dee27ebb.js (2.5KB)
_expo/static/js/web/DomainsScreen-c214394827e25659f7f8a5beeca95a5d.js (4.4KB)
_expo/static/js/web/edit-545e5a46ef7bccc4cfbea4d2a0c27a7d.js (2.6KB)
_expo/static/js/web/edit-9d7331586d4834c4aa5cc78decb5c33d.js (15KB)
_expo/static/js/web/edit-d4e1f69386c6d72bbef0c8e8771db37e.js (7.2KB)
_expo/static/js/web/edit-f5c1cfe4f42531a81c087a8144aa3ac2.js (9.1KB)
_expo/static/js/web/edit-profile-8dcb9ac28f76979eff58dd7130685759.js (950B)
_expo/static/js/web/EditProfileFieldScreen-4b2773b200df26f719e5af35b9589e62.js (15KB)
_expo/static/js/web/EditProfileScreen-212787ef314df2eeb755b375a988399c.js (3.5KB)
_expo/static/js/web/EmojiPickerSheet-c97befb9bee99d06a865297d42f69074.js (9.7KB)
_expo/static/js/web/EngagementList-d8322bbdce8af440611697f859d16bee.js (2.5KB)
_expo/static/js/web/entry-f0f2196cee0741259a5751d88978e9de.js (1.1MB)
_expo/static/js/web/es-7e0e408d98946e56e0897002d77d48de.js (155KB)
_expo/static/js/web/es-d7faf7ced7926ff98a19f579576949ba.js (80KB)
_expo/static/js/web/es-ES-c4b50418055a6994a7e787147e911412.js (67KB)
_expo/static/js/web/external-media-07330479c330bf111c769c3bde99b233.js (235B)
_expo/static/js/web/feed-e5cf3ea52aa67e4546e36871726c149d.js (225B)
_expo/static/js/web/feeds-581cbae081d29e7fca29061dfce0a821.js (14KB)
_expo/static/js/web/feeds-c973d159bfaecf115b6875db9c29321c.js (468B)
_expo/static/js/web/FileManagementScreen-0935819321a5a50d24600eb0842fd8e0.js (64KB)
_expo/static/js/web/followers-f215774675e3cd760873112b59a1bc2b.js (256B)
_expo/static/js/web/FollowersListScreen-ddade3399455c17932c3dc8f36f866d2.js (312B)
_expo/static/js/web/following-b50564a732dd3fb67aa226de4723db46.js (256B)
_expo/static/js/web/FollowingListScreen-acbaf339e18ea9451268d0577b2c2ee3.js (312B)
_expo/static/js/web/for-you-679e4aa2841a86dbed1e07478f638a46.js (228B)
_expo/static/js/web/fr-0ad7b1a4844280538fcf8f1396bd80b0.js (157KB)
_expo/static/js/web/fr-8da09014668666ac8c43881d2cb907f5.js (83KB)
_expo/static/js/web/fr-FR-dbcb1dec693de5b7a7248e9f76078288.js (14KB)
_expo/static/js/web/GifPickerSheet-968e557c06cbd410b3f0073af0f61a9d.js (3.8KB)
_expo/static/js/web/HelpSupportScreen-5de34cfbe5f98d76a8d955e9e64f0b59.js (2.9KB)
_expo/static/js/web/hi-3d9ef51c8ca7ebaac36a638924d2b2a7.js (386KB)
_expo/static/js/web/hi-bab3c34ea1b3155e9f525be94b6a8a22.js (202KB)
_expo/static/js/web/hidden-words-aed7db75c1133094b81929242049a0f7.js (241B)
_expo/static/js/web/hide-counts-7bd5ebfc25bf6f152a823b746239794c.js (240B)
_expo/static/js/web/HistoryViewScreen-9837e61f64c233f051a008f4d3d98dcc.js (3.9KB)
_expo/static/js/web/hls-5ee463cd124946596fbb4cfea66e9f48.js (593KB)
_expo/static/js/web/id-3541efdc4650eaa1d50275f1ab412eea.js (72KB)
_expo/static/js/web/id-8077f224aa3701c6b8e8c3f3f0a7e445.js (144KB)
_expo/static/js/web/in-common-cd633f5ba1a8c3841fe5e10eb14ffa7c.js (256B)
_expo/static/js/web/index-09547b6226cd46b13d594635533ca292.js (3.6KB)
_expo/static/js/web/index-2076290a6674af18c26f13fded625693.js (13KB)
_expo/static/js/web/index-27c0d15ed99bbbd6970e5e62cf3a9156.js (21KB)
_expo/static/js/web/index-335f9d2b71e0f8a1b14c1c7a0b59d301.js (7.6KB)
_expo/static/js/web/index-46859b9c433ea766332b733a41affff0.js (629B)
_expo/static/js/web/index-4c5289d0a9235c556483f5fa8df5fe5d.js (35KB)
_expo/static/js/web/index-7034bee764d7a98b2858b8c8419e10d1.js (468B)
_expo/static/js/web/index-7f962b4559bc598c5fdb1dc03a7adeae.js (228B)
_expo/static/js/web/index-aba553c8f1c03d05ed303741aae44961.js (3.2KB)
_expo/static/js/web/index-bf9f93b3f79a1bc42430310eef3cc35f.js (230B)
_expo/static/js/web/index-e2f0c7756561174bd3c968dd5a099d44.js (59KB)
_expo/static/js/web/index-ebc4483695407da6be0fc4bf0f0ca190.js (2.6KB)
_expo/static/js/web/index-f4d987ec1e7db7641dc6315adce67dfe.js (1MB)
_expo/static/js/web/insights-36d0dc9e91665db8a36a2124c03e4503.js (3.3KB)
_expo/static/js/web/insights-736ea23e0a1612742b93a7db356be854.js (1.5KB)
_expo/static/js/web/interests-3d41a71fe45f7a58f8c63e84282621a7.js (230B)
_expo/static/js/web/internal-e3c98d9564b6e384e7e32b4a27ace16b.js (2.4KB)
_expo/static/js/web/it-d9c3131101cdb14928257745bfcf7c49.js (78KB)
_expo/static/js/web/it-da08e271910038f761d622579f23e7eb.js (149KB)
_expo/static/js/web/it-IT-eed7342a76ef71e5c4c649cc078e79c4.js (13KB)
_expo/static/js/web/ja-6326293a7172008ae6ffbfeb82903bc9.js (261KB)
_expo/static/js/web/ja-f93b18751f4d71bb7720ec03161aac9c.js (126KB)
_expo/static/js/web/ja-JP-f4bac28172f3aac176dfecce4073f0ba.js (26KB)
_expo/static/js/web/JobPickerSheet-a4df3262b21a8ee91b8ddbe45a90debc.js (3.2KB)
_expo/static/js/web/jobs-af971d8c2212c064b443b4381a80ca8e.js (467B)
_expo/static/js/web/ko-KR-9bf9ff393b2c0214386c3bfe92c61859.js (21KB)
_expo/static/js/web/labelers-13fa960a272f2a8894f4751ac4374529.js (8.7KB)
_expo/static/js/web/LanePickerSheet-7a76212b34ed24e34a1506e45b28676d.js (4.3KB)
_expo/static/js/web/lanes-d709b92e89971cabf580726055b3e9fa.js (13KB)
_expo/static/js/web/language-19f087238db67e6afd5e7b3eb240b416.js (229B)
_expo/static/js/web/LanguagePickerSheet-acec891b588034c1824ad235a01b12ad.js (3.8KB)
_expo/static/js/web/LanguageSelectorScreen-81635a9e54ff4b86d63f3a69e3c1e725.js (3.6KB)
_expo/static/js/web/LearnMoreUsernamesScreen-27ba61ba37c0c4ccb745f32d897af76d.js (3.9KB)
_expo/static/js/web/LegalDocumentsScreen-a5298911e7de8080dae660a91a0e4279.js (4.4KB)
_expo/static/js/web/likes-8232a53d1f9959f3ed3bb15a608f75bc.js (468B)
_expo/static/js/web/LinkCommonsScreen-d213549dba2b6a42ce659dd443bdec67.js (5KB)
_expo/static/js/web/lists-061423295d8b09c6bfef3db4ab509608.js (468B)
_expo/static/js/web/lists-99ee82609f6e9f781f9c4f36e83f3880.js (5.6KB)
_expo/static/js/web/live-presence-7f3a6aab6797994d85c8677974f74123.js (234B)
_expo/static/js/web/LiveFeatureRuntime-8046251bea464e2431a052af386eeb97.js (925KB)
_expo/static/js/web/ManageAccountScreen-6f8d6c119e5df366a43007fe1cf3839e.js (23KB)
_expo/static/js/web/marketplace-3bf09c3b5e85a8441e75ab8663269c97.js (8.1KB)
_expo/static/js/web/media-1fdf99a02096d1bfd7fdc84d012695e2.js (468B)
_expo/static/js/web/media-9c985172160e42c3ccbab7c4b14025e2.js (627B)
_expo/static/js/web/mentions-a754ec0cefd1b56f82c8e1ac3d4488fd.js (471B)
_expo/static/js/web/MentionSettingsModal-af57118973f11b2013b65b40f50f134d.js (244KB)
_expo/static/js/web/mine-1d3f2d0869d6d555ade62011f39ac181.js (7.2KB)
_expo/static/js/web/muted-lanes-badd8fce3dab4684276963280abe724f.js (240B)
_expo/static/js/web/new-027075b23c45e7e8eca0a70c7bf95593.js (375B)
_expo/static/js/web/node-e87ab8409f9828d89622139a2c1484ee.js (235B)
_expo/static/js/web/NoteSubmittedSheet-4d7656fe89beca8249ab9c5196c62017.js (3.1KB)
_expo/static/js/web/notifications-a4e0fd06c014978ef3d04b8b73975764.js (47KB)
_expo/static/js/web/notifications-dd23e7a36c225651b7d71882d8a39334.js (234B)
_expo/static/js/web/NotificationsScreen-5a969919005871972151b09fac31fd55.js (3.2KB)
_expo/static/js/web/online-status-9addb1a6cd5321cffd97ff2823867419.js (242B)
_expo/static/js/web/OxyAccountDialogScreen-ee878bc3a7b9f0f63ec8a88ca3a46e3f.js (70KB)
_expo/static/js/web/PaymentGatewayScreen-3c68c29ece05d62c44a68f9eb6f693f7.js (29KB)
_expo/static/js/web/PodcastPickerSheet-af15d7af035d9e27cce5adb191035bba.js (3.8KB)
_expo/static/js/web/pokes-895d4a2bb0cf38064c2cd7c96f0c0626.js (8.9KB)
_expo/static/js/web/PostArticleModal-e2df38d71ed378c2e3e2754f9b597d2e.js (8KB)
_expo/static/js/web/PostInsightsSheet-91174ee235127b22754a73aa04e705f6.js (9.7KB)
_expo/static/js/web/PostSourcesSheet-340083f11690a02aa7d6d8614f8c84a9.js (3.6KB)
_expo/static/js/web/PreferencesScreen-59c2edbe6f2f6d027868efe06048775d.js (3.4KB)
_expo/static/js/web/privacy-8a8746630a591804fe3836054e8e7a07.js (228B)
_expo/static/js/web/PrivacySettingsScreen-6fb52c25a6607a43e15f76be7c5dbc9b.js (12KB)
_expo/static/js/web/profile-visibility-2ab2a8569b0f89a0746e4181fc0620a8.js (247B)
_expo/static/js/web/ProfileScreen-6e2a930bc9c73673e936607ea5e67607.js (8.3KB)
_expo/static/js/web/pt-29670354d0e41c109c113e85709cc940.js (158KB)
_expo/static/js/web/pt-aef42628158d1a3ba04a18b98c6ff63e.js (79KB)
_expo/static/js/web/pt-PT-3aa85234b99225ede9dc652abebad73a.js (14KB)
_expo/static/js/web/quotes-2baf43969eca2bebf70a891a09219675.js (1.4KB)
_expo/static/js/web/RateNoteSheet-555bf68ca81ee29fcb3ba88de5c509ff.js (3.6KB)
_expo/static/js/web/replies-db5b8e584486e6fbe4b9922ff27f29ce.js (470B)
_expo/static/js/web/ReplySettingsSheet-1b93123a4b602b60b47f1b4b4d115003.js (11KB)
_expo/static/js/web/restricted-915531770c5330d45c9bd80e8aeaec1b.js (239B)
_expo/static/js/web/ru-706edf073d4acc64ec6120ff205c0304.js (422KB)
_expo/static/js/web/ru-bc67da17f23bbf28ff96fe969400155f.js (239KB)
_expo/static/js/web/saved-b5fcfcff89c4fae03217d55d247a9ae7.js (15KB)
_expo/static/js/web/ScheduleSheet-ee0d4c19a824a49c8afbe15f8fcf07da.js (6.6KB)
_expo/static/js/web/SearchSettingsScreen-8a5a285e42ef1dcadfabd79725f2d66d.js (2.5KB)
_expo/static/js/web/SecureStore-52f9719e6c2c731ab7559879d0318978.js (2.4KB)
_expo/static/js/web/settings-4ee6ac615209af752a34210abcb30c21.js (20KB)
_expo/static/js/web/SignInAuthenticatorScreen-c5304a2bda93095333c75da5fbd0d12c.js (22KB)
_expo/static/js/web/SignInPasswordScreen-2242b696782b44df5b5a59d2d5d43d8d.js (2.8KB)
_expo/static/js/web/SourcesSheet-0959d0d1501093bfe5ec2511e3b696eb.js (5KB)
_expo/static/js/web/starter_packs-b130b72169c4377171dd1e348dceace1.js (476B)
_expo/static/js/web/starter-packs-922543d0050d9167da40c28f0bd82e98.js (2.7KB)
_expo/static/js/web/subscribe-e91531f252ef9b6c72068dcfefb418ef.js (3.2KB)
_expo/static/js/web/subscriptions-c8cf12ec09319e6467529801afd4a90c.js (248B)
_expo/static/js/web/tags-mentions-c1a89824c874d2393959114e9ac1af91.js (242B)
_expo/static/js/web/thread-preferences-aceb908a48d98c9dc8f06b699298664f.js (239B)
_expo/static/js/web/tr-4669284e35c2a673163800feab3113ff.js (86KB)
_expo/static/js/web/tr-a1b43bc0f4525096d905872d72391857.js (168KB)
_expo/static/js/web/transparency-92722f3c66ef30ac218e57a9942ab4ca.js (6.8KB)
_expo/static/js/web/trend-graph-b3f3a55c424a42f9a37131d05dc682d9.js (9.5KB)
_expo/static/js/web/trending-0818b8a8b3a543bd003b3d27aef0656b.js (8.6KB)
_expo/static/js/web/TrustAboutScreen-618075e3e2bcf7f5363a38a8ad08e3f6.js (3.6KB)
_expo/static/js/web/TrustCenterScreen-739805b9cd0b6a647fc7e841212fa31f.js (4.4KB)
_expo/static/js/web/TrustFAQScreen-d521663074b9d62923d73577084aa591.js (1.8KB)
_expo/static/js/web/TrustLeaderboardScreen-a94ddd6c6b82d25cc49c4616280199d7.js (4.3KB)
_expo/static/js/web/TrustRewardsScreen-e0b7af640ad96cd9f5f5b4c2526adf8c.js (9.3KB)
_expo/static/js/web/TrustRulesScreen-af4d2b185780f583269c2dd61f831b48.js (2.2KB)
_expo/static/js/web/UnpublishedSheet-15f975d44578f17a7272b98f1ccb6dc9.js (39KB)
_expo/static/js/web/UserLinksScreen-48f02bd3b93877ed8574bf4098acc97f.js (1KB)
_expo/static/js/web/validation-37d5380835f9c76cecbb757e679a40c8.js (3.2KB)
_expo/static/js/web/VideoReplies-509f1faad2bda900e80d99e621e57551.js (12KB)
_expo/static/js/web/videos-9c1c7045b4fdc582381bbd52f034755a.js (51KB)
_expo/static/js/web/videos-a3edf740527a1ae518fd4870c24a0431.js (469B)
_expo/static/js/web/view-e2058bced5b6e579c77f19f0a5c15cfe.js (2.6KB)
_expo/static/js/web/web-vitals-482e35af46b17b1ff146ad4202027120.js (9.6KB)
_expo/static/js/web/weekly_recap-fab7dfa784603e7a8a3a6c18e913cf1e.js (18KB)
_expo/static/js/web/WelcomeModal-0d842d2b7712270462c734ae3ec8cc2d.js (7.1KB)
_expo/static/js/web/WelcomeNewUserScreen-7afac78637581902255c1730de298e5b.js (8.6KB)
_expo/static/js/web/who-may-know-a605e6c35058ad88f175bbbb4bc893cc.js (256B)
_expo/static/js/web/who-to-follow-60d682b7cb2872fc3ca4d23fb651ca4f.js (6.7KB)
_expo/static/js/web/write-4e0944ca97588f8dce4fb0ea91f0cb71.js (445B)
_expo/static/js/web/WriteNoteSheet-c76df1c7b441f136731d6a5cdd3acc8e.js (4KB)
_expo/static/js/web/WritingTipsSheet-64e3c0f1314aadc4707f9f01cbfcec75.js (2.7KB)
_expo/static/js/web/you-7d946a3b35833453772338877dcc69e2.js (1.2KB)
_expo/static/js/web/you-b51ef3b1978e1102ebad4334a9ed24ab.js (1.2KB)
_expo/static/js/web/zh-7fb6bacb5145af13c5e99bf405e16359.js (97KB)
_expo/static/js/web/zh-98c2fbf7712c3a416cc71492af9a613c.js (191KB)
_expo/static/js/web/zh-CN-9776327ff88542ad663fdec0c5b41bd4.js (18KB)

› Files (3):
favicon.ico (15KB)
index.html (3.1KB)
metadata.json (49B)

Exported: dist
Preloading /assets/__node_modules/@oxy.so/bloom/lib/module/fonts/assets/InterVariable.260c81a4759baf163c025001c4f27872.woff2
