$ drizzle-kit generate "--name=jev_usage_reconciliation"
No config path provided, using default 'drizzle.config.ts'
Reading config file '/home/nate/Oxy/Mention/.worktrees/jev-receipt-recovery-20261004/packages/backend/drizzle.config.ts'
108 tables
account_erasures 17 columns 2 indexes 0 fks
oxy_account_event_cursors 4 columns 0 indexes 0 fks
admin_script_cursors 8 columns 1 indexes 0 fks
repair_fetch_failures 8 columns 2 indexes 0 fks
articles 7 columns 2 indexes 1 fks
blocked_domain_purge_runs 18 columns 2 indexes 0 fks
blocked_domain_purges 21 columns 2 indexes 0 fks
blocklist_proposal_observations 8 columns 2 indexes 1 fks
blocklist_proposal_run_sources 8 columns 1 indexes 1 fks
blocklist_proposal_runs 18 columns 2 indexes 0 fks
blocklist_proposals 17 columns 2 indexes 0 fks
lane_mutes 6 columns 1 indexes 1 fks
lanes 7 columns 1 indexes 0 fks
author_follower_snapshots 4 columns 2 indexes 0 fks
gifs 16 columns 3 indexes 0 fks
notifications 9 columns 3 indexes 0 fks
push_tokens 11 columns 1 indexes 0 fks
topic_stats 6 columns 1 indexes 0 fks
trend_batches 3 columns 0 indexes 0 fks
trend_graphs 5 columns 0 indexes 0 fks
trend_story_posts 6 columns 1 indexes 2 fks
trend_summaries 5 columns 1 indexes 0 fks
trending 25 columns 3 indexes 0 fks
bookmark_folders 5 columns 0 indexes 0 fks
bookmarks 6 columns 3 indexes 2 fks
entity_follows 6 columns 2 indexes 0 fks
likes 8 columns 2 indexes 1 fks
mute_words 7 columns 0 indexes 0 fks
mutes 4 columns 1 indexes 0 fks
pokes 4 columns 1 indexes 0 fks
post_subscriptions 5 columns 1 indexes 0 fks
actor_key_pairs 7 columns 0 indexes 0 fks
federated_actor_fields 6 columns 0 indexes 1 fks
federated_actors 53 columns 7 indexes 0 fks
federated_banner_mirrors 11 columns 1 indexes 0 fks
federated_follows 9 columns 2 indexes 0 fks
federated_media_cache 13 columns 2 indexes 0 fks
federated_media_deletions 9 columns 1 indexes 0 fks
federated_media_posters 4 columns 1 indexes 0 fks
federation_delivery_queue 12 columns 1 indexes 0 fks
custom_feed_definition_modules 8 columns 0 indexes 1 fks
custom_feed_members 4 columns 1 indexes 1 fks
custom_feed_source_lists 3 columns 1 indexes 2 fks
custom_feed_topics 3 columns 0 indexes 1 fks
custom_feeds 20 columns 4 indexes 0 fks
feed_generators 14 columns 1 indexes 0 fks
feed_interactions 8 columns 3 indexes 0 fks
feed_likes 5 columns 2 indexes 1 fks
feed_reviews 7 columns 1 indexes 1 fks
user_feed_preferences 4 columns 0 indexes 0 fks
user_saved_feeds 6 columns 1 indexes 1 fks
postgates 8 columns 2 indexes 0 fks
threadgate_allow_rules 5 columns 0 indexes 1 fks
threadgates 6 columns 2 indexes 0 fks
post_imports 8 columns 1 indexes 1 fks
mention_job_application_answers 5 columns 1 indexes 1 fks
mention_job_application_notes 5 columns 1 indexes 1 fks
mention_job_applications 12 columns 2 indexes 1 fks
mention_job_daily_metrics 7 columns 1 indexes 1 fks
mention_jobs 30 columns 5 indexes 0 fks
account_list_members 4 columns 1 indexes 1 fks
account_lists 8 columns 3 indexes 0 fks
starter_pack_members 4 columns 1 indexes 1 fks
starter_pack_uses 4 columns 1 indexes 1 fks
starter_packs 10 columns 4 indexes 0 fks
mcp_auth_codes 10 columns 2 indexes 0 fks
mcp_connections 13 columns 5 indexes 0 fks
mcp_effect_receipts 10 columns 2 indexes 0 fks
mcp_registered_clients 5 columns 1 indexes 0 fks
content_labels 9 columns 2 indexes 1 fks
labeler_label_definitions 8 columns 0 indexes 1 fks
labelers 8 columns 1 indexes 0 fks
moderation_enforcements 18 columns 2 indexes 0 fks
moderation_events 10 columns 3 indexes 0 fks
moderation_outbox 17 columns 3 indexes 1 fks
reports 24 columns 4 indexes 0 fks
mention_node_ingest_witnesses 6 columns 1 indexes 0 fks
mention_repo_heads 8 columns 0 indexes 0 fks
mention_signed_records 15 columns 5 indexes 0 fks
mention_user_nodes 16 columns 2 indexes 0 fks
endorsement_outbox 12 columns 1 indexes 0 fks
engagement_outbox 21 columns 4 indexes 1 fks
post_attachments 6 columns 0 indexes 1 fks
post_authorships 8 columns 3 indexes 1 fks
post_classification_topic_refs 6 columns 2 indexes 1 fks
post_content_variants 12 columns 4 indexes 1 fks
post_corrections 6 columns 0 indexes 1 fks
post_media 17 columns 3 indexes 1 fks
post_mentions 3 columns 1 indexes 1 fks
post_recent_repliers 6 columns 1 indexes 1 fks
post_source_keys 7 columns 0 indexes 1 fks
post_sources 5 columns 0 indexes 1 fks
post_variant_alt_texts 4 columns 0 indexes 1 fks
post_variant_media 16 columns 1 indexes 1 fks
post_evaluation_topics 4 columns 0 indexes 1 fks
post_evaluations 21 columns 1 indexes 1 fks
post_equivalence_clusters 5 columns 0 indexes 0 fks
post_equivalence_members 7 columns 2 indexes 2 fks
posts 98 columns 30 indexes 5 fks
poll_options 4 columns 0 indexes 1 fks
poll_votes 5 columns 2 indexes 2 fks
polls 9 columns 3 indexes 1 fks
user_behavior_authors 11 columns 1 indexes 1 fks
user_behavior_regions 5 columns 0 indexes 1 fks
user_behavior_topics 7 columns 0 indexes 1 fks
user_behaviors 18 columns 0 indexes 0 fks
user_settings 75 columns 1 indexes 0 fks
user_settings_label_actions 5 columns 0 indexes 1 fks

[✓] Your SQL migration file ➜ drizzle/0060_jev_usage_reconciliation.sql 🚀
